
Linker Version 8.7.7.190806
Input Object File: D:\Wade\Project\Tennis_Ball_Machine\Firmware\Ball_Machine_Main_v4\BALL_MACHINE_MAIN_V4.OBJ
Input Object File: D:\Wade\Project\Tennis_Ball_Machine\Firmware\Ball_Machine_Main_v4\STARTUP1_L.OBJ

Input Library File: C:\Program Files\Holtek MCU Development Tools\HT-IDE3000V8.x\LIB\LIBHOLTEKGCC.LIB
Input Library File: C:\Program Files\Holtek MCU Development Tools\HT-IDE3000V8.x\LIB\v3_lmrmc.lib


     Bank    Start     End      Length     Class    AvgIns    Name
     00h     0000h     0001h    0002h      CODE               @code (D:\Wade\Project\Tennis_Ball_Machine\Firmware\Ball_Machine_Main_v4\BALL_MACHINE_MAIN_V4.OBJ)
     00h     0002h     001dh    001ch      CODE               _Uart_R (D:\Wade\Project\Tennis_Ball_Machine\Firmware\Ball_Machine_Main_v4\BALL_MACHINE_MAIN_V4.OBJ)
     00h     0024h     0037h    0014h      CODE               _delay (D:\Wade\Project\Tennis_Ball_Machine\Firmware\Ball_Machine_Main_v4\BALL_MACHINE_MAIN_V4.OBJ)
     00h     0038h     003bh    0004h      CODE               @ROMDATA_BASE (D:\Wade\Project\Tennis_Ball_Machine\Firmware\Ball_Machine_Main_v4\STARTUP1_L.OBJ)
     00h     003ch     003fh    0004h      CODE               @Uart_R_code (D:\Wade\Project\Tennis_Ball_Machine\Firmware\Ball_Machine_Main_v4\BALL_MACHINE_MAIN_V4.OBJ)
     00h     0040h     0062h    0023h      CODE               @start (D:\Wade\Project\Tennis_Ball_Machine\Firmware\Ball_Machine_Main_v4\BALL_MACHINE_MAIN_V4.OBJ)
     00h     0063h     008eh    002ch      CODE               _Timer_setup (D:\Wade\Project\Tennis_Ball_Machine\Firmware\Ball_Machine_Main_v4\BALL_MACHINE_MAIN_V4.OBJ)
     00h     008fh     009fh    0011h      CODE               _UART_Setup (D:\Wade\Project\Tennis_Ball_Machine\Firmware\Ball_Machine_Main_v4\BALL_MACHINE_MAIN_V4.OBJ)
     00h     00a0h     01a5h    0106h      CODE               _main (D:\Wade\Project\Tennis_Ball_Machine\Firmware\Ball_Machine_Main_v4\BALL_MACHINE_MAIN_V4.OBJ)
     00h     01a6h     01cbh    0026h      CODE               _Read_Data (D:\Wade\Project\Tennis_Ball_Machine\Firmware\Ball_Machine_Main_v4\BALL_MACHINE_MAIN_V4.OBJ)
     00h     0080h     0080h    0001h      DATA     3         @data_ra (C:\Program Files\Holtek MCU Development Tools\HT-IDE3000V8.x\LIB\LIBHOLTEKGCC.LIB)
     00h     0081h     0081h    0001h      DATA     24        @data_rb (C:\Program Files\Holtek MCU Development Tools\HT-IDE3000V8.x\LIB\LIBHOLTEKGCC.LIB)
     00h     0082h     0082h    0001h      DATA     24        @data_rc (C:\Program Files\Holtek MCU Development Tools\HT-IDE3000V8.x\LIB\LIBHOLTEKGCC.LIB)
     00h     0083h     0083h    0001h      DATA     15        @data_rd (C:\Program Files\Holtek MCU Development Tools\HT-IDE3000V8.x\LIB\LIBHOLTEKGCC.LIB)
     00h     0084h     0084h    0001h      DATA     15        @data_re (C:\Program Files\Holtek MCU Development Tools\HT-IDE3000V8.x\LIB\LIBHOLTEKGCC.LIB)
     00h     0085h     0085h    0001h      DATA     9         @data_rf (C:\Program Files\Holtek MCU Development Tools\HT-IDE3000V8.x\LIB\LIBHOLTEKGCC.LIB)
     00h     0086h     0086h    0001h      DATA     12        @data_rg (C:\Program Files\Holtek MCU Development Tools\HT-IDE3000V8.x\LIB\LIBHOLTEKGCC.LIB)
     00h     0087h     0087h    0001h      DATA     4         @data_rb3c (isr:ra~rh)
     00h     0088h     0088h    0001h      DATA     4         @data_rc3c (isr:ra~rh)
     00h     0089h     0089h    0001h      DATA     3         @data_ra3c (isr:ra~rh)
     00h     008ah     008ah    0001h      DATA     2         @data_r13c (isr:ra~rh)
     00h     008bh     008bh    0001h      DATA     2         @data_r23c (isr:ra~rh)
     00h     008fh     0090h    0002h      DATA     3         @HCCINIT_kn (D:\Wade\Project\Tennis_Ball_Machine\Firmware\Ball_Machine_Main_v4\BALL_MACHINE_MAIN_V4.OBJ)
     00h     0091h     009ah    000ah      DATA     1         @HCCINIT0_R_Data (D:\Wade\Project\Tennis_Ball_Machine\Firmware\Ball_Machine_Main_v4\BALL_MACHINE_MAIN_V4.OBJ)
     00h     009bh     00a4h    000ah      DATA     0         @HCCINIT0_Data (D:\Wade\Project\Tennis_Ball_Machine\Firmware\Ball_Machine_Main_v4\BALL_MACHINE_MAIN_V4.OBJ)
     00h     00a5h     00a5h    0001h      DATA     2         @data_r33c (isr:ra~rh)
     00h     00a6h     00a6h    0001h      DATA     2         @data_r43c (isr:ra~rh)
     00h     00a7h     00a7h    0001h      DATA     2         @data_r53c (isr:ra~rh)
     00h     00a8h     00a8h    0001h      DATA     2         @data_r63c (isr:ra~rh)
     00h     00a9h     00a9h    0001h      DATA     2         @data_r73c (isr:ra~rh)

     Local Sections

     Bank    Start     End      Length     Class    AvgIns    Name
     00h     008ch     008ch    0000h      LOCAL    0         @dummy60 (D:\Wade\Project\Tennis_Ball_Machine\Firmware\Ball_Machine_Main_v4\BALL_MACHINE_MAIN_V4.OBJ)
     00h     008ch     008ch    0000h      LOCAL    0         _Uart_R (D:\Wade\Project\Tennis_Ball_Machine\Firmware\Ball_Machine_Main_v4\BALL_MACHINE_MAIN_V4.OBJ)
     00h     008ch     008ch    0000h      LOCAL    0         _Read_Data (D:\Wade\Project\Tennis_Ball_Machine\Firmware\Ball_Machine_Main_v4\BALL_MACHINE_MAIN_V4.OBJ)
     00h     008fh     008fh    0000h      LOCAL    0         @dummy (D:\Wade\Project\Tennis_Ball_Machine\Firmware\Ball_Machine_Main_v4\BALL_MACHINE_MAIN_V4.OBJ)
     00h     008eh     008eh    0001h      LOCAL    9         _main (D:\Wade\Project\Tennis_Ball_Machine\Firmware\Ball_Machine_Main_v4\BALL_MACHINE_MAIN_V4.OBJ)
     00h     008ch     008ch    0000h      LOCAL    0         _UART_Setup (D:\Wade\Project\Tennis_Ball_Machine\Firmware\Ball_Machine_Main_v4\BALL_MACHINE_MAIN_V4.OBJ)
     00h     008ch     008ch    0000h      LOCAL    0         _Timer_setup (D:\Wade\Project\Tennis_Ball_Machine\Firmware\Ball_Machine_Main_v4\BALL_MACHINE_MAIN_V4.OBJ)
     00h     008ch     008dh    0002h      LOCAL    2         _delay (D:\Wade\Project\Tennis_Ball_Machine\Firmware\Ball_Machine_Main_v4\BALL_MACHINE_MAIN_V4.OBJ)

     Public Symbols Information
     Address            Public by Name
     009bh              _Data
     0091h              _R_Data
     01a6h              _Read_Data
     0063h              _Timer_setup
     008fh              _UART_Setup
     0002h              _Uart_R
     0024h              _delay
     008ch              _delay_2
     008fh              _kn
     00a0h              _main
     008ah              r13c
     008bh              r23c
     00a5h              r33c
     00a6h              r43c
     00a7h              r53c
     00a8h              r63c
     00a9h              r73c
     0080h              ra
     0089h              ra3c
     0081h              rb
     0087h              rb3c
     0082h              rc
     0088h              rc3c
     0083h              rd
     0084h              re
     0085h              rf
     0086h              rg
     0037h              startup_value_1

     Address            Public by Value
     0002h              _Uart_R
     0024h              _delay
     0037h              startup_value_1
     0063h              _Timer_setup
     0080h              ra
     0081h              rb
     0082h              rc
     0083h              rd
     0084h              re
     0085h              rf
     0086h              rg
     0087h              rb3c
     0088h              rc3c
     0089h              ra3c
     008ah              r13c
     008bh              r23c
     008ch              _delay_2
     008fh              _kn
     008fh              _UART_Setup
     0091h              _R_Data
     009bh              _Data
     00a0h              _main
     00a5h              r33c
     00a6h              r43c
     00a7h              r53c
     00a8h              r63c
     00a9h              r73c
     01a6h              _Read_Data


ROM Usage Statistics
    Bank      Size      Used     Percentage
     00h       2000h     01c6h    5%
     01h       2000h     0000h    0%
     02h       2000h     0000h    0%
     03h       2000h     0000h    0%
     04h       2000h     0000h    0%
     05h       2000h     0000h    0%
     06h       2000h     0000h    0%
     07h       2000h     0000h    0%
     Total     10000h     01c6h    0%

RAM Usage Statistics
    Bank      Size      Used     Percentage
     00h       0080h     002ah    32%
     01h       0080h     0000h    0%
     02h       0080h     0000h    0%
     03h       0080h     0000h    0%
     04h       0080h     0000h    0%
     05h       0080h     0000h    0%
     06h       0080h     0000h    0%
     07h       0080h     0000h    0%
     08h       0080h     0000h    0%
     09h       0080h     0000h    0%
     0ah       0080h     0000h    0%
     0bh       0080h     0000h    0%
     0ch       0080h     0000h    0%
     0dh       0080h     0000h    0%
     0eh       0080h     0000h    0%
     0fh       0080h     0000h    0%
     10h       0080h     0000h    0%
     11h       0080h     0000h    0%
     12h       0080h     0000h    0%
     13h       0080h     0000h    0%
     14h       0080h     0000h    0%
     15h       0080h     0000h    0%
     16h       0080h     0000h    0%
     17h       0080h     0000h    0%
     18h       0080h     0000h    0%
     19h       0080h     0000h    0%
     1ah       0080h     0000h    0%
     1bh       0080h     0000h    0%
     1ch       0080h     0000h    0%
     1dh       0080h     0000h    0%
     1eh       0080h     0000h    0%
     1fh       0080h     0000h    0%
     Total     1000h     002ah    1%

Use Stack Count
_Uart_R: 1
_main: 1

Call Tree
    @dummy60
        _Uart_R (0)
            _Read_Data (1)
    @dummy
        _main (0)
            _UART_Setup (1)
            _Timer_setup (1)
            _delay (1)

HLINK: Program entry point at section '@code' (address 0) of file 'D:\Wade\Project\Tennis_Ball_Machine\Firmware\Ball_Machine_Main_v4\BALL_MACHINE_MAIN_V4.OBJ'

Total 0 error(s), Total 0 Warning(s)
